SerializedCellsReader example
collapse_row col value6
collapse_row col value7
collapse_row col value8
row0 col value0
row1 col value1
row2 col value2
row3 col value3
row4 col value4
row5 col value5
